// Jest Snapshot v1, https://goo.gl/fbAQLP

exports[`AirdropDistributeCommand constructor should have valid schema 1`] = `
{
  "$id": "/tokenFactory/command/airdropDistribute",
  "properties": {
    "tokenId": {
      "dataType": "bytes",
      "fieldNumber": 1,
    },
  },
  "type": "object",
}
`;
