// Jest Snapshot v1, https://goo.gl/fbAQLP

exports[`AirdopCreateCommand constructor should have valid schema 1`] = `
{
  "$id": "/tokenFactory/command/airdropCreate",
  "properties": {
    "providerAddress": {
      "dataType": "bytes",
      "fieldNumber": 2,
    },
    "recipients": {
      "fieldNumber": 3,
      "items": {
        "properties": {
          "address": {
            "dataType": "bytes",
            "fieldNumber": 1,
          },
          "amountDelta": {
            "dataType": "sint64",
            "fieldNumber": 2,
          },
        },
        "type": "object",
      },
      "type": "array",
    },
    "tokenId": {
      "dataType": "bytes",
      "fieldNumber": 1,
    },
  },
  "type": "object",
}
`;
