// Jest Snapshot v1, https://goo.gl/fbAQLP

exports[`FactoryTransferOwnershipCommand constructor should have valid schema 1`] = `
{
  "$id": "/tokenFactory/command/factoryTransferOwnership",
  "properties": {
    "ownerAddress": {
      "dataType": "bytes",
      "fieldNumber": 2,
      "format": "klayr32",
    },
    "tokenId": {
      "dataType": "bytes",
      "fieldNumber": 1,
    },
  },
  "type": "object",
}
`;
