// Jest Snapshot v1, https://goo.gl/fbAQLP

exports[`FactorySetAttributesCommand constructor should have valid schema 1`] = `
{
  "$id": "/tokenFactory/command/factorySetAttributes",
  "properties": {
    "attributes": {
      "dataType": "bytes",
      "fieldNumber": 3,
    },
    "key": {
      "dataType": "string",
      "fieldNumber": 2,
    },
    "tokenId": {
      "dataType": "bytes",
      "fieldNumber": 1,
    },
  },
  "type": "object",
}
`;
