// Jest Snapshot v1, https://goo.gl/fbAQLP

exports[`IcoChangePriceCommand constructor should have valid schema 1`] = `
{
  "$id": "/tokenFactory/command/icoChangePrice",
  "properties": {
    "poolAddress": {
      "dataType": "bytes",
      "fieldNumber": 1,
      "format": "klayr32",
    },
    "price": {
      "dataType": "string",
      "fieldNumber": 2,
    },
  },
  "type": "object",
}
`;
