// Jest Snapshot v1, https://goo.gl/fbAQLP

exports[`IcoDepositCommand constructor should have valid schema 1`] = `
{
  "$id": "/tokenFactory/command/icoDeposit",
  "properties": {
    "amount": {
      "dataType": "uint64",
      "fieldNumber": 2,
    },
    "poolAddress": {
      "dataType": "bytes",
      "fieldNumber": 1,
      "format": "klayr32",
    },
  },
  "type": "object",
}
`;
