// Jest Snapshot v1, https://goo.gl/fbAQLP

exports[`IcoExactInputSingleCommand constructor should have valid schema 1`] = `
{
  "$id": "/tokenFactory/command/icoExactInputSingle",
  "properties": {
    "amountIn": {
      "dataType": "uint64",
      "fieldNumber": 3,
    },
    "recipient": {
      "dataType": "bytes",
      "fieldNumber": 4,
      "format": "klayr32",
    },
    "tokenIn": {
      "dataType": "bytes",
      "fieldNumber": 1,
    },
    "tokenOut": {
      "dataType": "bytes",
      "fieldNumber": 2,
    },
  },
  "type": "object",
}
`;
