// Jest Snapshot v1, https://goo.gl/fbAQLP

exports[`IcoExactInputCommand constructor should have valid schema 1`] = `
{
  "$id": "/tokenFactory/command/icoExactInput",
  "properties": {
    "amountIn": {
      "dataType": "uint64",
      "fieldNumber": 3,
    },
    "deadline": {
      "dataType": "uint32",
      "fieldNumber": 5,
    },
    "path": {
      "dataType": "bytes",
      "fieldNumber": 1,
    },
    "pathAmountOutMinimum": {
      "dataType": "uint64",
      "fieldNumber": 6,
    },
    "recipient": {
      "dataType": "bytes",
      "fieldNumber": 4,
      "format": "klayr32",
    },
    "tokenOut": {
      "dataType": "bytes",
      "fieldNumber": 2,
    },
  },
  "type": "object",
}
`;
