// Jest Snapshot v1, https://goo.gl/fbAQLP

exports[`MintCommand constructor should have valid schema 1`] = `
{
  "$id": "/tokenFactory/command/mint",
  "properties": {
    "amount": {
      "dataType": "uint64",
      "fieldNumber": 2,
    },
    "tokenId": {
      "dataType": "bytes",
      "fieldNumber": 1,
    },
  },
  "type": "object",
}
`;
