// Jest Snapshot v1, https://goo.gl/fbAQLP

exports[`TokenMintCommand constructor should have valid schema 1`] = `
{
  "$id": "/tokenFactory/command/tokenMint",
  "properties": {
    "distribution": {
      "fieldNumber": 2,
      "items": {
        "properties": {
          "amount": {
            "dataType": "uint64",
            "fieldNumber": 2,
          },
          "recipientAddress": {
            "dataType": "bytes",
            "fieldNumber": 1,
            "format": "klayr32",
          },
          "vesting": {
            "fieldNumber": 3,
            "items": {
              "properties": {
                "amount": {
                  "dataType": "uint64",
                  "fieldNumber": 2,
                },
                "height": {
                  "dataType": "uint32",
                  "fieldNumber": 1,
                },
              },
              "type": "object",
            },
            "type": "array",
          },
        },
        "type": "object",
      },
      "type": "array",
    },
    "tokenId": {
      "dataType": "bytes",
      "fieldNumber": 1,
    },
  },
  "type": "object",
}
`;
