// Jest Snapshot v1, https://goo.gl/fbAQLP

exports[`DexEndpoint getMetadata should get token metadata 1`] = `
{
  "description": "This NFT represents a liquidity position in a Swaptoshi TKNB-TKNC pool. The owner of this NFT can modify or redeem the position.

Pool Address: klyzzzzzzzzzzzzpzzzzzzzzzzzzozzzvh2553k7h
TKNB Token ID: 0000000000000002
TKNC Token ID: 0000000000000003
Fee Tier: 0.3%
NFT ID: 0

⚠️ DISCLAIMER: Due diligence is imperative when assessing this NFT. Make sure token addresses match the expected tokens, as token symbols may be imitated.",
  "image": "data:image/svg+xml;base64,PHN2ZyB3aWR0aD0iMjkwIiBoZWlnaHQ9IjUwMCIgdmlld0JveD0iMCAwIDI5MCA1MDAiIHhtbG5zPSJodHRwOi8vd3d3LnczLm9yZy8yMDAwL3N2ZyIgeG1sbnM6eGxpbms9J2h0dHA6Ly93d3cudzMub3JnLzE5OTkveGxpbmsnPjxkZWZzPjxmaWx0ZXIgaWQ9ImYxIj48ZmVJbWFnZSByZXN1bHQ9InAwIiB4bGluazpocmVmPSJkYXRhOmltYWdlL3N2Zyt4bWw7YmFzZTY0LFBITjJaeUIzYVdSMGFEMG5Namt3SnlCb1pXbG5hSFE5SnpVd01DY2dkbWxsZDBKdmVEMG5NQ0F3SURJNU1DQTFNREFuSUhodGJHNXpQU2RvZEhSd09pOHZkM2QzTG5jekxtOXlaeTh5TURBd0wzTjJaeWMrUEhKbFkzUWdkMmxrZEdnOUp6STVNSEI0SnlCb1pXbG5hSFE5SnpVd01IQjRKeUJtYVd4c1BTY2pZVFV6WkdVMkp5OCtQQzl6ZG1jKyIvPjxmZUltYWdlIHJlc3VsdD0icDEiIHhsaW5rOmhyZWY9ImRhdGE6aW1hZ2Uvc3ZnK3htbDtiYXNlNjQsUEhOMlp5QjNhV1IwYUQwbk1qa3dKeUJvWldsbmFIUTlKelV3TUNjZ2RtbGxkMEp2ZUQwbk1DQXdJREk1TUNBMU1EQW5JSGh0Ykc1elBTZG9kSFJ3T2k4dmQzZDNMbmN6TG05eVp5OHlNREF3TDNOMlp5YytQR05wY21Oc1pTQmplRDBuTVRZbklHTjVQU2N4TURBbklISTlKekV5TUhCNEp5Qm1hV3hzUFNjak16Z3pNR1JtSnk4K1BDOXpkbWMrIi8+PGZlSW1hZ2UgcmVzdWx0PSJwMiIgeGxpbms6aHJlZj0iZGF0YTppbWFnZS9zdmcreG1sO2Jhc2U2NCxQSE4yWnlCM2FXUjBhRDBuTWprd0p5Qm9aV2xuYUhROUp6VXdNQ2NnZG1sbGQwSnZlRDBuTUNBd0lESTVNQ0ExTURBbklIaHRiRzV6UFNkb2RIUndPaTh2ZDNkM0xuY3pMbTl5Wnk4eU1EQXdMM04yWnljK1BHTnBjbU5zWlNCamVEMG5NVFluSUdONVBTY3hNREFuSUhJOUp6RXlNSEI0SnlCbWFXeHNQU2NqWVRVelpHVTJKeTgrUEM5emRtYysiIC8+PGZlSW1hZ2UgcmVzdWx0PSJwMyIgeGxpbms6aHJlZj0iZGF0YTppbWFnZS9zdmcreG1sO2Jhc2U2NCxQSE4yWnlCM2FXUjBhRDBuTWprd0p5Qm9aV2xuYUhROUp6VXdNQ2NnZG1sbGQwSnZlRDBuTUNBd0lESTVNQ0ExTURBbklIaHRiRzV6UFNkb2RIUndPaTh2ZDNkM0xuY3pMbTl5Wnk4eU1EQXdMM04yWnljK1BHTnBjbU5zWlNCamVEMG5NVFluSUdONVBTY3hNREFuSUhJOUp6RXdNSEI0SnlCbWFXeHNQU2NqTXpnek1HUm1KeTgrUEM5emRtYysiIC8+PGZlQmxlbmQgbW9kZT0ib3ZlcmxheSIgaW49InAwIiBpbjI9InAxIiAvPjxmZUJsZW5kIG1vZGU9ImV4Y2x1c2lvbiIgaW4yPSJwMiIgLz48ZmVCbGVuZCBtb2RlPSJvdmVybGF5IiBpbjI9InAzIiByZXN1bHQ9ImJsZW5kT3V0IiAvPjxmZUdhdXNzaWFuQmx1ciBpbj0iYmxlbmRPdXQiIHN0ZERldmlhdGlvbj0iNDIiIC8+PC9maWx0ZXI+IDxjbGlwUGF0aCBpZD0iY29ybmVycyI+PHJlY3Qgd2lkdGg9IjI5MCIgaGVpZ2h0PSI1MDAiIHJ4PSI0MiIgcnk9IjQyIiAvPjwvY2xpcFBhdGg+PHBhdGggaWQ9InRleHQtcGF0aC1hIiBkPSJNNDAgMTIgSDI1MCBBMjggMjggMCAwIDEgMjc4IDQwIFY0NjAgQTI4IDI4IDAgMCAxIDI1MCA0ODggSDQwIEEyOCAyOCAwIDAgMSAxMiA0NjAgVjQwIEEyOCAyOCAwIDAgMSA0MCAxMiB6IiAvPjxwYXRoIGlkPSJtaW5pbWFwIiBkPSJNMjM0IDQ0NEMyMzQgNDU3Ljk0OSAyNDIuMjEgNDYzIDI1MyA0NjMiIC8+PGZpbHRlciBpZD0idG9wLXJlZ2lvbi1ibHVyIj48ZmVHYXVzc2lhbkJsdXIgaW49IlNvdXJjZUdyYXBoaWMiIHN0ZERldmlhdGlvbj0iMjQiIC8+PC9maWx0ZXI+PGxpbmVhckdyYWRpZW50IGlkPSJncmFkLXVwIiB4MT0iMSIgeDI9IjAiIHkxPSIxIiB5Mj0iMCI+PHN0b3Agb2Zmc2V0PSIwLjAiIHN0b3AtY29sb3I9IndoaXRlIiBzdG9wLW9wYWNpdHk9IjEiIC8+PHN0b3Agb2Zmc2V0PSIuOSIgc3RvcC1jb2xvcj0id2hpdGUiIHN0b3Atb3BhY2l0eT0iMCIgLz48L2xpbmVhckdyYWRpZW50PjxsaW5lYXJHcmFkaWVudCBpZD0iZ3JhZC1kb3duIiB4MT0iMCIgeDI9IjEiIHkxPSIwIiB5Mj0iMSI+PHN0b3Agb2Zmc2V0PSIwLjAiIHN0b3AtY29sb3I9IndoaXRlIiBzdG9wLW9wYWNpdHk9IjEiIC8+PHN0b3Agb2Zmc2V0PSIwLjkiIHN0b3AtY29sb3I9IndoaXRlIiBzdG9wLW9wYWNpdHk9IjAiIC8+PC9saW5lYXJHcmFkaWVudD48bWFzayBpZD0iZmFkZS11cCIgbWFza0NvbnRlbnRVbml0cz0ib2JqZWN0Qm91bmRpbmdCb3giPjxyZWN0IHdpZHRoPSIxIiBoZWlnaHQ9IjEiIGZpbGw9InVybCgjZ3JhZC11cCkiIC8+PC9tYXNrPjxtYXNrIGlkPSJmYWRlLWRvd24iIG1hc2tDb250ZW50VW5pdHM9Im9iamVjdEJvdW5kaW5nQm94Ij48cmVjdCB3aWR0aD0iMSIgaGVpZ2h0PSIxIiBmaWxsPSJ1cmwoI2dyYWQtZG93bikiIC8+PC9tYXNrPjxtYXNrIGlkPSJub25lIiBtYXNrQ29udGVudFVuaXRzPSJvYmplY3RCb3VuZGluZ0JveCI+PHJlY3Qgd2lkdGg9IjEiIGhlaWdodD0iMSIgZmlsbD0id2hpdGUiIC8+PC9tYXNrPjxsaW5lYXJHcmFkaWVudCBpZD0iZ3JhZC1zeW1ib2wiPjxzdG9wIG9mZnNldD0iMC43IiBzdG9wLWNvbG9yPSJ3aGl0ZSIgc3RvcC1vcGFjaXR5PSIxIiAvPjxzdG9wIG9mZnNldD0iLjk1IiBzdG9wLWNvbG9yPSJ3aGl0ZSIgc3RvcC1vcGFjaXR5PSIwIiAvPjwvbGluZWFyR3JhZGllbnQ+PG1hc2sgaWQ9ImZhZGUtc3ltYm9sIiBtYXNrQ29udGVudFVuaXRzPSJ1c2VyU3BhY2VPblVzZSI+PHJlY3Qgd2lkdGg9IjI5MHB4IiBoZWlnaHQ9IjIwMHB4IiBmaWxsPSJ1cmwoI2dyYWQtc3ltYm9sKSIgLz48L21hc2s+PC9kZWZzPjxnIGNsaXAtcGF0aD0idXJsKCNjb3JuZXJzKSI+PHJlY3QgZmlsbD0iYTUzZGU2IiB4PSIwcHgiIHk9IjBweCIgd2lkdGg9IjI5MHB4IiBoZWlnaHQ9IjUwMHB4IiAvPjxyZWN0IHN0eWxlPSJmaWx0ZXI6IHVybCgjZjEpIiB4PSIwcHgiIHk9IjBweCIgd2lkdGg9IjI5MHB4IiBoZWlnaHQ9IjUwMHB4IiAvPiA8ZyBzdHlsZT0iZmlsdGVyOnVybCgjdG9wLXJlZ2lvbi1ibHVyKTsgdHJhbnNmb3JtOnNjYWxlKDEuNSk7IHRyYW5zZm9ybS1vcmlnaW46Y2VudGVyIHRvcDsiPjxyZWN0IGZpbGw9Im5vbmUiIHg9IjBweCIgeT0iMHB4IiB3aWR0aD0iMjkwcHgiIGhlaWdodD0iNTAwcHgiIC8+PGVsbGlwc2UgY3g9IjUwJSIgY3k9IjBweCIgcng9IjE4MHB4IiByeT0iMTIwcHgiIGZpbGw9IiMwMDAiIG9wYWNpdHk9IjAuODUiIC8+PC9nPjxyZWN0IHg9IjAiIHk9IjAiIHdpZHRoPSIyOTAiIGhlaWdodD0iNTAwIiByeD0iNDIiIHJ5PSI0MiIgZmlsbD0icmdiYSgwLDAsMCwwKSIgc3Ryb2tlPSJyZ2JhKDI1NSwyNTUsMjU1LDAuMikiIC8+PC9nPjx0ZXh0IHRleHQtcmVuZGVyaW5nPSJvcHRpbWl6ZVNwZWVkIj48dGV4dFBhdGggc3RhcnRPZmZzZXQ9Ii0xMDAlIiBmaWxsPSJ3aGl0ZSIgZm9udC1mYW1pbHk9IidDb3VyaWVyIE5ldycsIG1vbm9zcGFjZSIgZm9udC1zaXplPSIxMHB4IiB4bGluazpocmVmPSIjdGV4dC1wYXRoLWEiPjAwMDAwMDAwMDAwMDAwMDMg4oCiIFRLTkMgPGFuaW1hdGUgYWRkaXRpdmU9InN1bSIgYXR0cmlidXRlTmFtZT0ic3RhcnRPZmZzZXQiIGZyb209IjAlIiB0bz0iMTAwJSIgYmVnaW49IjBzIiBkdXI9IjMwcyIgcmVwZWF0Q291bnQ9ImluZGVmaW5pdGUiIC8+PC90ZXh0UGF0aD4gPHRleHRQYXRoIHN0YXJ0T2Zmc2V0PSIwJSIgZmlsbD0id2hpdGUiIGZvbnQtZmFtaWx5PSInQ291cmllciBOZXcnLCBtb25vc3BhY2UiIGZvbnQtc2l6ZT0iMTBweCIgeGxpbms6aHJlZj0iI3RleHQtcGF0aC1hIj4wMDAwMDAwMDAwMDAwMDAzIOKAoiBUS05DIDxhbmltYXRlIGFkZGl0aXZlPSJzdW0iIGF0dHJpYnV0ZU5hbWU9InN0YXJ0T2Zmc2V0IiBmcm9tPSIwJSIgdG89IjEwMCUiIGJlZ2luPSIwcyIgZHVyPSIzMHMiIHJlcGVhdENvdW50PSJpbmRlZmluaXRlIiAvPiA8L3RleHRQYXRoPjx0ZXh0UGF0aCBzdGFydE9mZnNldD0iNTAlIiBmaWxsPSJ3aGl0ZSIgZm9udC1mYW1pbHk9IidDb3VyaWVyIE5ldycsIG1vbm9zcGFjZSIgZm9udC1zaXplPSIxMHB4IiB4bGluazpocmVmPSIjdGV4dC1wYXRoLWEiPjAwMDAwMDAwMDAwMDAwMDIg4oCiIFRLTkIgPGFuaW1hdGUgYWRkaXRpdmU9InN1bSIgYXR0cmlidXRlTmFtZT0ic3RhcnRPZmZzZXQiIGZyb209IjAlIiB0bz0iMTAwJSIgYmVnaW49IjBzIiBkdXI9IjMwcyIgcmVwZWF0Q291bnQ9ImluZGVmaW5pdGUiIC8+PC90ZXh0UGF0aD48dGV4dFBhdGggc3RhcnRPZmZzZXQ9Ii01MCUiIGZpbGw9IndoaXRlIiBmb250LWZhbWlseT0iJ0NvdXJpZXIgTmV3JywgbW9ub3NwYWNlIiBmb250LXNpemU9IjEwcHgiIHhsaW5rOmhyZWY9IiN0ZXh0LXBhdGgtYSI+MDAwMDAwMDAwMDAwMDAwMiDigKIgVEtOQiA8YW5pbWF0ZSBhZGRpdGl2ZT0ic3VtIiBhdHRyaWJ1dGVOYW1lPSJzdGFydE9mZnNldCIgZnJvbT0iMCUiIHRvPSIxMDAlIiBiZWdpbj0iMHMiIGR1cj0iMzBzIiByZXBlYXRDb3VudD0iaW5kZWZpbml0ZSIgLz48L3RleHRQYXRoPjwvdGV4dD48ZyBtYXNrPSJ1cmwoI2ZhZGUtc3ltYm9sKSI+PHJlY3QgZmlsbD0ibm9uZSIgeD0iMHB4IiB5PSIwcHgiIHdpZHRoPSIyOTBweCIgaGVpZ2h0PSIyMDBweCIgLz4gPHRleHQgeT0iNzBweCIgeD0iMzJweCIgZmlsbD0id2hpdGUiIGZvbnQtZmFtaWx5PSInQ291cmllciBOZXcnLCBtb25vc3BhY2UiIGZvbnQtd2VpZ2h0PSIyMDAiIGZvbnQtc2l6ZT0iMzZweCI+VEtOQi9US05DPC90ZXh0Pjx0ZXh0IHk9IjExNXB4IiB4PSIzMnB4IiBmaWxsPSJ3aGl0ZSIgZm9udC1mYW1pbHk9IidDb3VyaWVyIE5ldycsIG1vbm9zcGFjZSIgZm9udC13ZWlnaHQ9IjIwMCIgZm9udC1zaXplPSIzNnB4Ij4wLjMlPC90ZXh0PjwvZz48cmVjdCB4PSIxNiIgeT0iMTYiIHdpZHRoPSIyNTgiIGhlaWdodD0iNDY4IiByeD0iMjYiIHJ5PSIyNiIgZmlsbD0icmdiYSgwLDAsMCwwKSIgc3Ryb2tlPSJyZ2JhKDI1NSwyNTUsMjU1LDAuMikiIC8+PGcgbWFzaz0idXJsKCNub25lKSIgc3R5bGU9InRyYW5zZm9ybTp0cmFuc2xhdGUoNzJweCwxODlweCkiPjxyZWN0IHg9Ii0xNnB4IiB5PSItMTZweCIgd2lkdGg9IjE4MHB4IiBoZWlnaHQ9IjE4MHB4IiBmaWxsPSJub25lIiAvPjxwYXRoIGQ9Ik0xIDFDMSA5NyA0OSAxNDUgMTQ1IDE0NSIgc3Ryb2tlPSJyZ2JhKDAsMCwwLDAuMykiIHN0cm9rZS13aWR0aD0iMzJweCIgZmlsbD0ibm9uZSIgc3Ryb2tlLWxpbmVjYXA9InJvdW5kIiAvPjwvZz48ZyBtYXNrPSJ1cmwoI25vbmUpIiBzdHlsZT0idHJhbnNmb3JtOnRyYW5zbGF0ZSg3MnB4LDE4OXB4KSI+PHJlY3QgeD0iLTE2cHgiIHk9Ii0xNnB4IiB3aWR0aD0iMTgwcHgiIGhlaWdodD0iMTgwcHgiIGZpbGw9Im5vbmUiIC8+PHBhdGggZD0iTTEgMUMxIDk3IDQ5IDE0NSAxNDUgMTQ1IiBzdHJva2U9InJnYmEoMjU1LDI1NSwyNTUsMSkiIGZpbGw9Im5vbmUiIHN0cm9rZS1saW5lY2FwPSJyb3VuZCIgLz48L2c+PGNpcmNsZSBjeD0iNzNweCIgY3k9IjE5MHB4IiByPSI0cHgiIGZpbGw9IndoaXRlIiAvPjxjaXJjbGUgY3g9IjIxN3B4IiBjeT0iMzM0cHgiIHI9IjRweCIgZmlsbD0id2hpdGUiIC8+IDxnIHN0eWxlPSJ0cmFuc2Zvcm06dHJhbnNsYXRlKDI5cHgsIDM4NHB4KSI+PHJlY3Qgd2lkdGg9IjYzcHgiIGhlaWdodD0iMjZweCIgcng9IjhweCIgcnk9IjhweCIgZmlsbD0icmdiYSgwLDAsMCwwLjYpIiAvPjx0ZXh0IHg9IjEycHgiIHk9IjE3cHgiIGZvbnQtZmFtaWx5PSInQ291cmllciBOZXcnLCBtb25vc3BhY2UiIGZvbnQtc2l6ZT0iMTJweCIgZmlsbD0id2hpdGUiPjx0c3BhbiBmaWxsPSJyZ2JhKDI1NSwyNTUsMjU1LDAuNikiPklEOiA8L3RzcGFuPjA8L3RleHQ+PC9nPiA8ZyBzdHlsZT0idHJhbnNmb3JtOnRyYW5zbGF0ZSgyOXB4LCA0MTRweCkiPjxyZWN0IHdpZHRoPSIxNDdweCIgaGVpZ2h0PSIyNnB4IiByeD0iOHB4IiByeT0iOHB4IiBmaWxsPSJyZ2JhKDAsMCwwLDAuNikiIC8+PHRleHQgeD0iMTJweCIgeT0iMTdweCIgZm9udC1mYW1pbHk9IidDb3VyaWVyIE5ldycsIG1vbm9zcGFjZSIgZm9udC1zaXplPSIxMnB4IiBmaWxsPSJ3aGl0ZSI+PHRzcGFuIGZpbGw9InJnYmEoMjU1LDI1NSwyNTUsMC42KSI+TWluIFRpY2s6IDwvdHNwYW4+LTg4NzIyMDwvdGV4dD48L2c+IDxnIHN0eWxlPSJ0cmFuc2Zvcm06dHJhbnNsYXRlKDI5cHgsIDQ0NHB4KSI+PHJlY3Qgd2lkdGg9IjE0MHB4IiBoZWlnaHQ9IjI2cHgiIHJ4PSI4cHgiIHJ5PSI4cHgiIGZpbGw9InJnYmEoMCwwLDAsMC42KSIgLz48dGV4dCB4PSIxMnB4IiB5PSIxN3B4IiBmb250LWZhbWlseT0iJ0NvdXJpZXIgTmV3JywgbW9ub3NwYWNlIiBmb250LXNpemU9IjEycHgiIGZpbGw9IndoaXRlIj48dHNwYW4gZmlsbD0icmdiYSgyNTUsMjU1LDI1NSwwLjYpIj5NYXggVGljazogPC90c3Bhbj44ODcyMjA8L3RleHQ+PC9nPjxnIHN0eWxlPSJ0cmFuc2Zvcm06dHJhbnNsYXRlKDIyNnB4LCA0MzNweCkiPjxyZWN0IHdpZHRoPSIzNnB4IiBoZWlnaHQ9IjM2cHgiIHJ4PSI4cHgiIHJ5PSI4cHgiIGZpbGw9Im5vbmUiIHN0cm9rZT0icmdiYSgyNTUsMjU1LDI1NSwwLjIpIiAvPjxwYXRoIHN0cm9rZS1saW5lY2FwPSJyb3VuZCIgZD0iTTggOUM4LjAwMDA0IDIyLjk0OTQgMTYuMjA5OSAyOCAyNyAyOCIgZmlsbD0ibm9uZSIgc3Ryb2tlPSJ3aGl0ZSIgLz48Y2lyY2xlIHN0eWxlPSJ0cmFuc2Zvcm06dHJhbnNsYXRlM2QoMTNweCwgMjNweCwgMHB4KSIgY3g9IjBweCIgY3k9IjBweCIgcj0iNHB4IiBmaWxsPSJ3aGl0ZSIvPjwvZz48ZyBzdHlsZT0idHJhbnNmb3JtOnRyYW5zbGF0ZSgyMjZweCwgMzkycHgpIj48cmVjdCB3aWR0aD0iMzZweCIgaGVpZ2h0PSIzNnB4IiByeD0iOHB4IiByeT0iOHB4IiBmaWxsPSJub25lIiBzdHJva2U9InJnYmEoMjU1LDI1NSwyNTUsMC4yKSIgLz48Zz48cGF0aCBzdHlsZT0idHJhbnNmb3JtOnRyYW5zbGF0ZSg2cHgsNnB4KSIgZD0iTTEyIDBMMTIuNjUyMiA5LjU2NTg3TDE4IDEuNjA3N0wxMy43ODE5IDEwLjIxODFMMjIuMzkyMyA2TDE0LjQzNDEgMTEuMzQ3OEwyNCAxMkwxNC40MzQxIDEyLjY1MjJMMjIuMzkyMyAxOEwxMy43ODE5IDEzLjc4MTlMMTggMjIuMzkyM0wxMi42NTIyIDE0LjQzNDFMMTIgMjRMMTEuMzQ3OCAxNC40MzQxTDYgMjIuMzkyM0wxMC4yMTgxIDEzLjc4MTlMMS42MDc3IDE4TDkuNTY1ODcgMTIuNjUyMkwwIDEyTDkuNTY1ODcgMTEuMzQ3OEwxLjYwNzcgNkwxMC4yMTgxIDEwLjIxODFMNiAxLjYwNzdMMTEuMzQ3OCA5LjU2NTg3TDEyIDBaIiBmaWxsPSJ3aGl0ZSIgLz48YW5pbWF0ZVRyYW5zZm9ybSBhdHRyaWJ1dGVOYW1lPSJ0cmFuc2Zvcm0iIHR5cGU9InJvdGF0ZSIgZnJvbT0iMCAxOCAxOCIgdG89IjM2MCAxOCAxOCIgZHVyPSIxMHMiIHJlcGVhdENvdW50PSJpbmRlZmluaXRlIi8+PC9nPjwvZz48L3N2Zz4=",
  "name": "Swaptoshi - 0.3% - TKNB/TKNC - MIN<>MAX",
}
`;

exports[`DexEndpoint getTokenURI should get token uri 1`] = `
{
  "tokenURI": "ipfs://bafkreiby27ig57rycpuqik6azg2yofp4rifauebwjwpa5unzmkjpe26rdq",
}
`;
