// Jest Snapshot v1, https://goo.gl/fbAQLP

exports[`CreatePoolCommand constructor should have valid schema 1`] = `
{
  "$id": "/dex/command/create_pool",
  "properties": {
    "fee": {
      "dataType": "string",
      "fieldNumber": 7,
    },
    "sqrtPriceX96": {
      "dataType": "string",
      "fieldNumber": 8,
    },
    "tokenA": {
      "dataType": "bytes",
      "fieldNumber": 1,
      "format": "hex",
    },
    "tokenADecimal": {
      "dataType": "uint32",
      "fieldNumber": 3,
    },
    "tokenASymbol": {
      "dataType": "string",
      "fieldNumber": 2,
    },
    "tokenB": {
      "dataType": "bytes",
      "fieldNumber": 4,
      "format": "hex",
    },
    "tokenBDecimal": {
      "dataType": "uint32",
      "fieldNumber": 6,
    },
    "tokenBSymbol": {
      "dataType": "string",
      "fieldNumber": 5,
    },
  },
  "type": "object",
}
`;
