// Jest Snapshot v1, https://goo.gl/fbAQLP

exports[`DecreaseLiquidityCommand constructor should have valid schema 1`] = `
{
  "$id": "/dex/command/decrease_liquidity",
  "properties": {
    "amount0Min": {
      "dataType": "string",
      "fieldNumber": 4,
    },
    "amount1Min": {
      "dataType": "string",
      "fieldNumber": 5,
    },
    "deadline": {
      "dataType": "string",
      "fieldNumber": 6,
    },
    "liquidity": {
      "dataType": "string",
      "fieldNumber": 3,
    },
    "poolAddress": {
      "dataType": "bytes",
      "fieldNumber": 1,
      "format": "klayr32",
    },
    "tokenId": {
      "dataType": "string",
      "fieldNumber": 2,
    },
  },
  "type": "object",
}
`;
