// Jest Snapshot v1, https://goo.gl/fbAQLP

exports[`ExactInputCommand constructor should have valid schema 1`] = `
{
  "$id": "/dex/command/exact_input",
  "properties": {
    "amountIn": {
      "dataType": "string",
      "fieldNumber": 4,
    },
    "amountOutMinimum": {
      "dataType": "string",
      "fieldNumber": 5,
    },
    "deadline": {
      "dataType": "string",
      "fieldNumber": 3,
    },
    "path": {
      "dataType": "bytes",
      "fieldNumber": 1,
      "format": "hex",
    },
    "recipient": {
      "dataType": "bytes",
      "fieldNumber": 2,
      "format": "klayr32",
    },
  },
  "type": "object",
}
`;
