// Jest Snapshot v1, https://goo.gl/fbAQLP

exports[`ExactInputSingleCommand constructor should have valid schema 1`] = `
{
  "$id": "/dex/command/exact_input_single",
  "properties": {
    "amountIn": {
      "dataType": "string",
      "fieldNumber": 6,
    },
    "amountOutMinimum": {
      "dataType": "string",
      "fieldNumber": 7,
    },
    "deadline": {
      "dataType": "string",
      "fieldNumber": 5,
    },
    "fee": {
      "dataType": "string",
      "fieldNumber": 3,
    },
    "recipient": {
      "dataType": "bytes",
      "fieldNumber": 4,
      "format": "klayr32",
    },
    "sqrtPriceLimitX96": {
      "dataType": "string",
      "fieldNumber": 8,
    },
    "tokenIn": {
      "dataType": "bytes",
      "fieldNumber": 1,
      "format": "hex",
    },
    "tokenOut": {
      "dataType": "bytes",
      "fieldNumber": 2,
      "format": "hex",
    },
  },
  "type": "object",
}
`;
