// Jest Snapshot v1, https://goo.gl/fbAQLP

exports[`TreasurifyCommand constructor should have valid schema 1`] = `
{
  "$id": "/dex/command/treasurify",
  "properties": {
    "address": {
      "dataType": "bytes",
      "fieldNumber": 1,
      "format": "klayr32",
    },
    "token": {
      "dataType": "bytes",
      "fieldNumber": 2,
      "format": "hex",
    },
  },
  "type": "object",
}
`;
