// Jest Snapshot v1, https://goo.gl/fbAQLP

exports[`DelegateVoteCommand constructor should have valid schema 1`] = `
{
  "$id": "/governance/command/delegate_vote",
  "properties": {
    "delegateeAddress": {
      "dataType": "bytes",
      "fieldNumber": 1,
      "format": "klayr32",
    },
  },
  "required": [
    "delegateeAddress",
  ],
  "type": "object",
}
`;
