// Jest Snapshot v1, https://goo.gl/fbAQLP

exports[`PoolAddress #computeAddress matches example 1`] = `"10000000000000002000000000000000000000fa"`;
